log dosyasi test
